vitest --reporter=junit --outputFile=test-report.junit.xml